....................................................................
....................................................................
....................................................................
....................................................................
....................................................................
....................................................................
....................................................................
....................................................................
....................................................................
..bv...............................................................
...v................................................................
...v................................................................
....................................................................
...v...................................................ms.v...........
...v..................................................................
..........................................................v...........
.......................bb.v................................................
...v......................v.................................................
...v......................v...............................v..................
....................................................................
......................................................................
..........................v.................................................
..........................................................v..............
b.....v.............................................................
......v...................v..................................................
......v...................v...................................................
......v.................................mm.v..............v............
............................................................................
.................................................................
..........................v................v................................
..........................................................v...........
.....ss..v...........................................................
..........................v..............................................
..........................v................v..............................
..........................v...............................v...................
.......................m..v................v.........................
.........v........................................................
.........v........................................................
..........................v................v..............v............
..................................................................
..................................................................
..........................v................v..............v.................
.........v........................................................................
.........v.........................................................................
...................................................................................
.........v................v................v..............v.............
.............................................................................
...................................................sss.....................
.............................................w.....sssss...................
...@.........ss...................................ssssssss...............
gggggggggggggggggggggggggggggggggggggggggggggggggggggggggggggggggggggggggggggggggggggggggggggggggggggggggggggggggggggggggggggggggggggggggggggggggggggggggggggggggggggggggggggggggggggggggggggggggggggggggggggggggggggggggggggggggggggggggggggggggggggggggggggggggggggggggggggggggggggggggggggggggggggggggggggggggggggggggggggggggggggggggggggggggggggggggggggggggggggggggggggggggggggggggggggggggggggggggggggggggg
gggggggggggggggggggggggggggggggggggggggggggggggggggggggggggggggggggggggggggggggggggggggggggggggggggggggggggggggggggggggggggggggggggggggggggggggggggggggggggggggggggggggggggggggggggggggggggggggggggggggggggggggggggggggggggggggggggggggggggggggggggggggggggggggggggggggggggggggggggggggggggggggggggggggggggggggggggggggggggggggggggggggggggggggggggggggggggggggggggggggggggggggggggggggggggggggggggggggggggggggggg


