....................................................................
....................................................................
....................................................................
....................................................................
....................................................................
....................................................................
....................................................................
....................................................................
....................................................................
b..v.................................................................................................................................................................................................................@............o...........
...v..................................................................................................................................................................................................................................
...v.................................................................................................................................................................................................................b.......v........
............................................................................................................................................................................................................................................................................................
...v...............................................................................................................................................................................................................................
...v....................................................................................................................................................................................................................................
.............................................................................................................................................................................................................................v...........
.............................................................................................................................................................................................................................................
...v..........................................................................................................................................................................................................................................
...v.................m.m..v............................m..v................................................................................................................b.......v.........v...............................v...................
........................................................................................................................................................................................................................................
.............................................................................................................................................................................................v......
..........................v..................................................................................................................................................................................................v.........
..........................................................v...................................b.v.........v........................................................................v...........
..m...v...........................................................................................................................................................................................................
......v...................v..................................................................................................................................................................................................v.......................
......v...................v...........................................................................................................................................................m...................m.mv......v........v.....................
......v.................................m..v..............v..............m.......v..............v.........v................................b..b......v.m...........v...............v.............................................................
................................................................................................v.....................................................................................................................................................
....................................................................................................................................................................................................................................................
..........................v................v...............................................................................................................................................................................................................
..........................................................v......................v........................v..........mm.m.v..........................v.............v...............v.........................v.....mv..................................
...m.....v.......................................................................................................................................................................................................................................
.......................m..v......................................o........................ss...................................................................................................................................................................
..........................v................v..............................................................................................................................................................................................................
..........................v...............................v......................v........................v...............v..........................v.............................v................................v.....................................................................................
..........................v................v.....................................................................................................................m.................v.............m.................................................................................
.........v.....................................................................................................................................................................................................................................................
.........v....................................................................................................................................................................................................................................................
..........................v................v..............v......................v........................v...............v..........................v.............................v................................v...........................................................................
........................................................................................................................................................................................................................................................
.............................................................................................................................................................................................................................................................
..........................v................v..............v...............................................v...............v..........................v.............................v................................v........................................
.........v.......................................................................v.................................................................................................v............................................
.........v....................................................................ssssssssssssss.......................................................................................................................
...........................................................................sssssssssssssssss......................................................................................................................................................................................................
.........v................v................v..............v...............sssssssssssssssssssss...........v...............v.....................................w...................................................v...
..........................................................................sssssssssssssssssssss...................................................ssssssss........................................................................................
...................................................sss....................sssssssssssssssssssss..........................................ssssssssssssssssssssssss............sssssssssssssssssssss..................................
.............................................w.....sssss..............sssssssssssssssssssssssss.......................................ssssssssssssssssssssssssssssssssssssssssssssssssssssssssssss.....................
.............ss...................................ssssssss............ssssssssssssssssssssssssss.....................................ssssssssssssssssssssssssssssssssssssssssssssssssssssssssssssssssssssssss..........................
gggggggggggggggggggggggggggggggggggggggggggggggggggggggggggggggggggggggggggggggggggggggggggggggggggggggggggggggggggggggggggggggggggggggggggggggggggggggg
gggggggggggggggggggggggggggggggggggggggggggggggggggggggggggggggggggggggggggggggggggggggggggggggggggggggggggggggggggggggggggggggggggggggggggggggggggggggg