....................................................................
....................................................................
....................................................................
....................................................................
....................................................................
....................................................................
....................................................................
....................................................................
....................................................................
....................................................................
....................................................................
....................................................................
..........................................................................................................................s..s..s.s.v.s....................
...........................................................................................................................................................................................................
............................................................................................................................................................................................................
...........................................................................................................................................................................................................
..................................................................................................@.........................................................................................................
......................................s.s.s.v..s.s.sv.........................................s..vs....s............................v.....................................................................
............................................................................................................................................................................................................
............................................................................................................................................................................................................
....................................................v.......................................................................................................................................................
............................................................................................................................................................................................................
............................................v....................................................v..................................v....................................................................
............................................................................................................................................................................................................
...........................................................................................................................................................................................................
..................................................s...s..sv.................................................................................................................................................
............................................................................................................................................................................................................
............................................v..........................s...s...s..s....s.v...s....s........................s...s..s..s..s.v..s...........................................................
..........................................................v.................................................................................................................................................
............................................................................................................................................................................................................
............................................................................................................................................................................................................
............................................................................................................................................................................................................
..........................sv...s..s...s...s.v............................................v................................................v...............................................................
........................................................s..s..s.............................................................................................................................................
............................................................................................................................................................................................................
............................................................................................................................................................................................................
............................................................................................................................................................................................................
...........................v................v............................................v................................................v...............................................................
............................................................................................................................................................................................................
...........................................................................................................................................................................................................
............................................................................................................................................................................................................
.....................................................................................................................................sssss......................sssssss....................................sssss............w...ssssss..........................................................................
...........................v................v............................................v..........................................ssssssss.................sssssssssssss................sss.............sssssssss...........sssssssssssss........................................................................
..................................................................................................................................sssssssssss.............ssssssssssssssss...........sssssssssssssssssssssssssssssssssssssssssssssssssssssssssss..........................................................................
..................................................................................................................................sssssssssssssssssssssssssssssssssssssssssssssssssssssssssssssssssssssssssssssssssssssssssssssssssssssssssssssss..........................................................................
...........................v.......ssssssssssssssssssssss.........................................................................ssssssssssssssssssssssssssssssssssssssssssssssssssssssssssssssssssssssssssssssssssssssssssssssssssssssssssssssss.........................................................................
.................................ssssssssssssssssssssssssss..............................v.......................................ssssssssssssssssssssssssssssssssssssssssssssssssssssssssssssssssssssssssssssssssssssssssssssssssssssssssssssssssss..............................................................
.................................ssssssssssssssssssssssssss...................................................w.............ssssssssssssssssssssssssssssssssssssssssssssssssssssssssssssssssssssssssssssssssssssssssssssssssssssssssssssssssssssssss.................................................................
.......................ssssssssssssssssssssssssssssssssssssssssssssssssssss.............................................ssssssssssssssssssssssssssssssssssssssssssssssssssssssssssssssssssssssssssssssssssssssssssssssssssssssssssssssssssssssssssss..........................................................................
...................ssssssssssssssssssssssssssssssssssssssssssssssssssssssssssssssss..................sssssssssssssssssssssssssssssssssssssssssssssssssssssssssssssssssssssssssssssssssssssssssssssssssssssssssssssssssssssssssssssssssssssssssssssssss..............................................
gggggggggggggggggggggggggggggggggggggggggggggggggggggggggggggggggggggggggggggggggggggggggggggggggggggggggggggggggggggggggggggggggggggggggggggggggggggggggggggggggggggggggggggggggg
gggggggggggggggggggggggggggggggggggggggggggggggggggggggggggggggggggggggggggggggggggggggggggggggggggggggggggggggggggggggggggggggggggggggggggggggggggggggggggggggggggggggggggggggggg