............................
............................
............................
............................
............................
............................
............................
............................
............................
....b.......................
............................
...........................
...........................
............................
............................
............................
.............b...............
............................
............................
............................
...........................
............................
...........................
b...ss......................
............................
............................
............................
............................
.......m...................
............................
............................
............................
............................
............................
............................
............................
............................
............................
............................
............................
............................
............................
............................
............................
............................
............................
............................
...@.........ss.............
.............ss.............
.............ss.............