....................................................................
....................................................................
....................................................................
....................................................................
....................................................................
....................................................................
....................................................................
....................................................................
....................................................................
..bvb...............................................................
...v................................................................
...v................................................................
...............................bb..v................................
...v................................................................
...v...............................v................................
....................................................................
................bb.v................v................................
...v...............v.................................................
...v...............v................v................................
.....................................................................
....................................v................................
...................v.................................................
....................................v................................
b...ss.v.............................................................
.......v...........v................v..................................
.......v...........v...................................................
....................................v................................
...................v...................................................
.......m............................v...............................
...................v.................................................
.........v..........................v................................
.........v......................................................ss.....
...................v................v..............................
...................v................v..............................
...................v................v.................................
...................v...b..v........................................
.........v................v.........v.............................
.........v........................................................
...................v......v.........v.............................
..................................................................
..................................................................
...................v......v.........................................
.........v................................................ss.........
.........v......................................................
.................................................................
.................................................................
.................................................................
.................................sss.............................
................................sssss...........w................
...@.........ss.................sssssss..........................
.............ss.................sssssss..........................
.............ss.................ssssssss..........................