............................
............................
............................
............................
............................
............................
............................
............................
............................
....b.......................
............................
...........................
...........................
............................
............................
............................
.............b...............
............................
............................
............................
...........................
............................
...........................
b...ss......................
............................
............................
............................
............................
.......m...................
............................
............................
............................
............................
............................
............................
...................v........
...................v........
...................v........
............................
............................
............................
............................
............................
............................
............................
............................
............................
...@.........ss........ww...
.............ss.............
.............ss.............