........................................................................................................................
....................c..l....j..........o..i.c...........................................................................
........o...........b..m................m.i........................o....................................................
.......................................................i................................................................
.........................o.........................b...i................................................................
........l...j......................i...............................c....................................................
....b..m.......................b...................................i....................................................
..................s....l...........l.........j...................m.l....................................................
........l..................................m.j.............o............................................................
...................o.......................................i............................................................
..........m...............s.............................m..i............................................................
......................................o.................................................................................
........................................................................................................................
........................................................................................................................
.........................................................o............................................................
..@....................................................................................................................
gggggggggggggggggggggggggggggggggggggggggggggggggggggggggggggggggggggggggggggggggggggggggggggg